============================================
14h: Expanded Pos Characterization (3 Groups)
Job ID: 8318638
Start time: Mon Feb 16 10:37:22 AM CET 2026
============================================
All input files found. Running analysis...


Attaching package: ‘dplyr’

The following objects are masked from ‘package:stats’:

    filter, lag

The following objects are masked from ‘package:base’:

    intersect, setdiff, setequal, union


Attaching package: ‘gridExtra’

The following object is masked from ‘package:dplyr’:

    combine

========================================================
14h: Expanded Pos Characterization (3 Groups)
========================================================


=== Processing: group1_neg_microexon (Microexon (0-30bp)) ===
  Pos events loaded: 1568
  Neg events loaded: 1555
  Genes in summary:  102
  Selection events:  117
  Pos significant events: 84 (in 49 genes)
  Neg significant events: 166 (in 102 genes)
  Genes WITH significant Pos events:    49 (48.0%)
  Genes WITHOUT significant Pos events: 53 (52.0%)
  Generating plots...
  Saved 6 PDFs
  Saved 3 CSVs

  --- Microexon (0-30bp) SUMMARY ---
  49 / 102 genes (48%) have significant Pos events
  Event type breakdown (Neg / Pos sig events):
    SE   : 142 /  58
    A5SS :   5 /   6
    A3SS :   5 /   8
    MXE  :  11 /   6
    RI   :   3 /   6
  Size breakdown - SE events only (Neg / Pos):
    Microexon (0-30bp)  : 110 /  32
    Small (30-50bp)     :   6 /   4
    Regular (>50bp)     :  26 /  22
  Direction (Neg / Pos):
    Inclusion:  127 /  32
    Exclusion:   39 /  52
  Top genes by # significant Pos events:
    Sorbs1    : 4 Pos sig, 7 Neg sig (Pos types: A3SS,SE)
    Plch2     : 4 Pos sig, 2 Neg sig (Pos types: A5SS,RI)
    Adgrl2    : 3 Pos sig, 4 Neg sig (Pos types: A3SS,SE)
    Ank3      : 3 Pos sig, 5 Neg sig (Pos types: A3SS,SE)
    Arhgef40  : 3 Pos sig, 2 Neg sig (Pos types: A3SS,SE)
    Inpp4a    : 3 Pos sig, 3 Neg sig (Pos types: A5SS,SE)
    Sh3glb2   : 3 Pos sig, 1 Neg sig (Pos types: RI,SE)
    Ddhd1     : 3 Pos sig, 3 Neg sig (Pos types: MXE,SE)
    Strada    : 3 Pos sig, 3 Neg sig (Pos types: MXE,SE)
    Kcnc3     : 2 Pos sig, 2 Neg sig (Pos types: SE)
  Output: /beegfs/scratch/ric.sessa/kubacki.michal/SRF_Elisa_top/90-1239779069/results/14_todo_analysis/task5_expanded_groups/group1_neg_microexon/pos_significant_deep


=== Processing: group2_neg_micro_small (Microexon + Small (0-50bp)) ===
  Pos events loaded: 3235
  Neg events loaded: 3195
  Genes in summary:  208
  Selection events:  250
  Pos significant events: 213 (in 115 genes)
  Neg significant events: 334 (in 208 genes)
  Genes WITH significant Pos events:    115 (55.3%)
  Genes WITHOUT significant Pos events: 93 (44.7%)
  Generating plots...
  Saved 6 PDFs
  Saved 3 CSVs

  --- Microexon + Small (0-50bp) SUMMARY ---
  115 / 208 genes (55%) have significant Pos events
  Event type breakdown (Neg / Pos sig events):
    SE   : 279 / 156
    A5SS :   9 /  10
    A3SS :   5 /  10
    MXE  :  34 /  27
    RI   :   7 /  10
  Size breakdown - SE events only (Neg / Pos):
    Microexon (0-30bp)  : 110 /  36
    Small (30-50bp)     : 119 /  59
    Regular (>50bp)     :  50 /  61
  Direction (Neg / Pos):
    Inclusion:  240 /  99
    Exclusion:   94 / 114
  Top genes by # significant Pos events:
    Tafazzin  : 12 Pos sig, 9 Neg sig (Pos types: A5SS,MXE,RI,SE)
    Fam204a   : 6 Pos sig, 6 Neg sig (Pos types: MXE,SE)
    Rian      : 6 Pos sig, 3 Neg sig (Pos types: A3SS,A5SS,MXE,RI,SE)
    Cdan1     : 5 Pos sig, 1 Neg sig (Pos types: A5SS,MXE,SE)
    Sorbs1    : 4 Pos sig, 7 Neg sig (Pos types: A3SS,SE)
    Plch2     : 4 Pos sig, 2 Neg sig (Pos types: A5SS,RI)
    Synj1     : 3 Pos sig, 3 Neg sig (Pos types: MXE,SE)
    Brsk2     : 3 Pos sig, 4 Neg sig (Pos types: SE)
    Ank3      : 3 Pos sig, 5 Neg sig (Pos types: A3SS,SE)
    Btrc      : 3 Pos sig, 2 Neg sig (Pos types: SE)
  Output: /beegfs/scratch/ric.sessa/kubacki.michal/SRF_Elisa_top/90-1239779069/results/14_todo_analysis/task5_expanded_groups/group2_neg_micro_small/pos_significant_deep


=== Processing: group3_neg_all_sizes (All sizes) ===
  Pos events loaded: 15430
  Neg events loaded: 15188
  Genes in summary:  1151
  Selection events:  1612
  Pos significant events: 1265 (in 694 genes)
  Neg significant events: 1612 (in 1162 genes)
  Genes WITH significant Pos events:    694 (60.3%)
  Genes WITHOUT significant Pos events: 457 (39.7%)
  Generating plots...
  Saved 6 PDFs
  Saved 3 CSVs

  --- All sizes SUMMARY ---
  694 / 1151 genes (60%) have significant Pos events
  Event type breakdown (Neg / Pos sig events):
    SE   : 1034 / 792
    A5SS :  93 /  86
    A3SS : 128 / 105
    MXE  : 117 / 111
    RI   : 240 / 171
  Size breakdown - SE events only (Neg / Pos):
    Microexon (0-30bp)  : 110 /  54
    Small (30-50bp)     : 119 /  74
    Regular (>50bp)     : 805 / 664
  Direction (Neg / Pos):
    Inclusion:  757 / 476
    Exclusion:  855 / 789
  Top genes by # significant Pos events:
    2210408F21Rik: 17 Pos sig, 5 Neg sig (Pos types: A3SS,A5SS,MXE,RI,SE)
    Catsperg1 : 14 Pos sig, 1 Neg sig (Pos types: A3SS,A5SS,RI,SE)
    Ppp4r1l-ps: 13 Pos sig, 13 Neg sig (Pos types: A3SS,MXE,SE)
    Tafazzin  : 12 Pos sig, 9 Neg sig (Pos types: A5SS,MXE,RI,SE)
    Gm12610   : 12 Pos sig, 5 Neg sig (Pos types: SE)
    Plekha6   : 9 Pos sig, 9 Neg sig (Pos types: MXE,SE)
    Gas5      : 9 Pos sig, 3 Neg sig (Pos types: A3SS,A5SS,MXE,RI,SE)
    Mapt      : 8 Pos sig, 7 Neg sig (Pos types: A3SS,MXE,SE)
    Crnde     : 8 Pos sig, 5 Neg sig (Pos types: A5SS,MXE,SE)
    2410002F23Rik: 7 Pos sig, 8 Neg sig (Pos types: MXE,RI,SE)
  Output: /beegfs/scratch/ric.sessa/kubacki.michal/SRF_Elisa_top/90-1239779069/results/14_todo_analysis/task5_expanded_groups/group3_neg_all_sizes/pos_significant_deep


========================================================
  CROSS-GROUP COMPARISON
========================================================

  Group                            Genes   Neg Sig   Pos Sig    w/ Pos  % w/ Pos
------------------------------------------------------------------------------------------ 
  Microexon (0-30bp)                 102       166        84        49     48%
  Microexon + Small (0-50bp)         208       334       213       115   55.3%
  All sizes                         1151      1612      1265       694   60.3%

14h complete.

=== 14h completed successfully ===

Output: results/14_todo_analysis/task5_expanded_groups/group1_neg_microexon/pos_significant_deep/
total 60
drwxrwxr-x 2 kubacki.michal lg_kubacki.michal     9 Feb 16 09:21 .
drwxrwxr-x 3 kubacki.michal lg_kubacki.michal     7 Feb 16 09:21 ..
-rw-rw-r-- 1 kubacki.michal lg_kubacki.michal  6265 Feb 16 10:37 combined_panel.pdf
-rw-rw-r-- 1 kubacki.michal lg_kubacki.michal  4818 Feb 16 10:37 direction_comparison.pdf
-rw-rw-r-- 1 kubacki.michal lg_kubacki.michal  4964 Feb 16 10:37 event_type_comparison.pdf
-rw-rw-r-- 1 kubacki.michal lg_kubacki.michal  4705 Feb 16 10:37 gene_classification_bar.pdf
-rw-rw-r-- 1 kubacki.michal lg_kubacki.michal  9639 Feb 16 10:37 gene_event_heatmap.pdf
-rw-rw-r-- 1 kubacki.michal lg_kubacki.michal  8642 Feb 16 10:37 gene_splicing_profile_comparison.csv
-rw-rw-r-- 1 kubacki.michal lg_kubacki.michal 13795 Feb 16 10:37 pos_significant_events_detail.csv
-rw-rw-r-- 1 kubacki.michal lg_kubacki.michal  5006 Feb 16 10:37 size_category_comparison.pdf
-rw-rw-r-- 1 kubacki.michal lg_kubacki.michal   686 Feb 16 10:37 summary_statistics.csv

Output: results/14_todo_analysis/task5_expanded_groups/group2_neg_micro_small/pos_significant_deep/
total 90
drwxrwxr-x 2 kubacki.michal lg_kubacki.michal     9 Feb 16 09:21 .
drwxrwxr-x 3 kubacki.michal lg_kubacki.michal     7 Feb 16 09:21 ..
-rw-rw-r-- 1 kubacki.michal lg_kubacki.michal  6206 Feb 16 10:37 combined_panel.pdf
-rw-rw-r-- 1 kubacki.michal lg_kubacki.michal  4828 Feb 16 10:37 direction_comparison.pdf
-rw-rw-r-- 1 kubacki.michal lg_kubacki.michal  4958 Feb 16 10:37 event_type_comparison.pdf
-rw-rw-r-- 1 kubacki.michal lg_kubacki.michal  4742 Feb 16 10:37 gene_classification_bar.pdf
-rw-rw-r-- 1 kubacki.michal lg_kubacki.michal  9941 Feb 16 10:37 gene_event_heatmap.pdf
-rw-rw-r-- 1 kubacki.michal lg_kubacki.michal 17462 Feb 16 10:37 gene_splicing_profile_comparison.csv
-rw-rw-r-- 1 kubacki.michal lg_kubacki.michal 34462 Feb 16 10:37 pos_significant_events_detail.csv
-rw-rw-r-- 1 kubacki.michal lg_kubacki.michal  4939 Feb 16 10:37 size_category_comparison.pdf
-rw-rw-r-- 1 kubacki.michal lg_kubacki.michal   709 Feb 16 10:37 summary_statistics.csv

Output: results/14_todo_analysis/task5_expanded_groups/group3_neg_all_sizes/pos_significant_deep/
total 335
drwxrwxr-x 2 kubacki.michal lg_kubacki.michal      9 Feb 16 09:21 .
drwxrwxr-x 3 kubacki.michal lg_kubacki.michal      7 Feb 16 09:21 ..
-rw-rw-r-- 1 kubacki.michal lg_kubacki.michal   6300 Feb 16 10:37 combined_panel.pdf
-rw-rw-r-- 1 kubacki.michal lg_kubacki.michal   4837 Feb 16 10:37 direction_comparison.pdf
-rw-rw-r-- 1 kubacki.michal lg_kubacki.michal   4971 Feb 16 10:37 event_type_comparison.pdf
-rw-rw-r-- 1 kubacki.michal lg_kubacki.michal   4746 Feb 16 10:37 gene_classification_bar.pdf
-rw-rw-r-- 1 kubacki.michal lg_kubacki.michal  10297 Feb 16 10:37 gene_event_heatmap.pdf
-rw-rw-r-- 1 kubacki.michal lg_kubacki.michal  96366 Feb 16 10:37 gene_splicing_profile_comparison.csv
-rw-rw-r-- 1 kubacki.michal lg_kubacki.michal 205822 Feb 16 10:37 pos_significant_events_detail.csv
-rw-rw-r-- 1 kubacki.michal lg_kubacki.michal   4966 Feb 16 10:37 size_category_comparison.pdf
-rw-rw-r-- 1 kubacki.michal lg_kubacki.michal    708 Feb 16 10:37 summary_statistics.csv
End time: Mon Feb 16 10:37:34 AM CET 2026
